// Jest Snapshot v1, https://goo.gl/fbAQLP

exports[`should match last snapshot 1`] = `
<ForwardRef(Grid)
  container={true}
  direction={
    Object {
      "md": "column",
      "xs": "row",
    }
  }
  item={true}
  md={5}
  sx={
    Object {
      "backgroundColor": "primary.dark",
      "color": "primary.contrastText",
      "paddingLeft": Object {
        "md": "15px",
        "xs": "0",
      },
      "paddingRight": Object {
        "md": "15px",
        "xs": "0",
      },
    }
  }
>
  <ForwardRef(Grid)
    item={true}
    sx={
      Object {
        "borderBottom": [Function],
        "margin": "0 auto",
        "marginBottom": "5px",
        "maxWidth": "300px",
        "paddingBottom": Object {
          "md": "10px",
          "xs": "0",
        },
        "paddingTop": "10px",
      }
    }
  >
    <ForwardRef(Typography)
      variant="h3"
    >
      test
    </ForwardRef(Typography)>
  </ForwardRef(Grid)>
  <GameTable
    games={
      Array [
        Game {
          "court": "court",
          "getResultGameByTeam": [Function],
          "id": "gameId",
          "isFinished": [Function],
          "referee": Object {
            "id": "teamC",
            "name": "TeamC",
          },
          "scoreA": 25,
          "scoreB": 14,
          "teamA": Object {
            "id": "teamA",
            "name": "TeamA",
          },
          "teamB": Object {
            "id": "teamB",
            "name": "TeamB",
          },
          "time": 2022-08-19T13:00:00.000Z,
        },
        Game {
          "court": "court",
          "getResultGameByTeam": [Function],
          "id": "gameId",
          "isFinished": [Function],
          "referee": Object {
            "id": "teamC",
            "name": "TeamC",
          },
          "scoreA": 14,
          "scoreB": 25,
          "teamA": Object {
            "id": "teamA",
            "name": "TeamA",
          },
          "teamB": Object {
            "id": "teamB",
            "name": "TeamB",
          },
          "time": 2022-08-19T14:00:00.000Z,
        },
        Game {
          "court": "court",
          "getResultGameByTeam": [Function],
          "id": "gameId",
          "isFinished": [Function],
          "referee": Object {
            "id": "teamC",
            "name": "TeamC",
          },
          "scoreA": 22,
          "scoreB": 22,
          "teamA": Object {
            "id": "teamA",
            "name": "TeamA",
          },
          "teamB": Object {
            "id": "teamB",
            "name": "TeamB",
          },
          "time": 2022-08-19T15:00:00.000Z,
        },
      ]
    }
  />
</ForwardRef(Grid)>
`;
